// Jest Snapshot v1, https://goo.gl/fbAQLP

exports[`Tests Profile.js component render Testing reserved missions render 1`] = `
Object {
  "asFragment": [Function],
  "baseElement": <body>
    <div>
      <div
        class="flex justify-center gap-6"
      >
        <div
          class="basis-1/3"
        >
          <h3
            class="text-xl font-bold"
          >
            My Missions
          </h3>
          <ul
            class="flex flex-col mt-3 border-2 divide-y-2 divide-slate-300 rounded-md border-slate-400"
          >
            <li
              class="p-2 flex gap-5 items-center"
              data-testid="reservedMissionItem"
            >
              <p>
                Thaicom 2
              </p>
            </li>
          </ul>
        </div>
        <div
          class="basis-1/3"
        >
          <h3
            class="text-xl font-bold"
          >
            My Rockets
          </h3>
          <ul
            class="flex flex-col mt-3 border-2 divide-y-2 divide-slate-300 rounded-md border-slate-400"
          >
            <li
              class="p-2 flex gap-5 items-center"
              data-testid="reservedRocketItem"
            >
              <img
                alt="rocket"
                class="w-8 h-8 rounded-sm"
              />
              <p />
            </li>
            <li
              class="p-2 flex gap-5 items-center"
              data-testid="reservedRocketItem"
            >
              <img
                alt="rocket"
                class="w-8 h-8 rounded-sm"
              />
              <p />
            </li>
          </ul>
        </div>
      </div>
    </div>
  </body>,
  "container": <div>
    <div
      class="flex justify-center gap-6"
    >
      <div
        class="basis-1/3"
      >
        <h3
          class="text-xl font-bold"
        >
          My Missions
        </h3>
        <ul
          class="flex flex-col mt-3 border-2 divide-y-2 divide-slate-300 rounded-md border-slate-400"
        >
          <li
            class="p-2 flex gap-5 items-center"
            data-testid="reservedMissionItem"
          >
            <p>
              Thaicom 2
            </p>
          </li>
        </ul>
      </div>
      <div
        class="basis-1/3"
      >
        <h3
          class="text-xl font-bold"
        >
          My Rockets
        </h3>
        <ul
          class="flex flex-col mt-3 border-2 divide-y-2 divide-slate-300 rounded-md border-slate-400"
        >
          <li
            class="p-2 flex gap-5 items-center"
            data-testid="reservedRocketItem"
          >
            <img
              alt="rocket"
              class="w-8 h-8 rounded-sm"
            />
            <p />
          </li>
          <li
            class="p-2 flex gap-5 items-center"
            data-testid="reservedRocketItem"
          >
            <img
              alt="rocket"
              class="w-8 h-8 rounded-sm"
            />
            <p />
          </li>
        </ul>
      </div>
    </div>
  </div>,
  "debug": [Function],
  "findAllByAltText": [Function],
  "findAllByDisplayValue": [Function],
  "findAllByLabelText": [Function],
  "findAllByPlaceholderText": [Function],
  "findAllByRole": [Function],
  "findAllByTestId": [Function],
  "findAllByText": [Function],
  "findAllByTitle": [Function],
  "findByAltText": [Function],
  "findByDisplayValue": [Function],
  "findByLabelText": [Function],
  "findByPlaceholderText": [Function],
  "findByRole": [Function],
  "findByTestId": [Function],
  "findByText": [Function],
  "findByTitle": [Function],
  "getAllByAltText": [Function],
  "getAllByDisplayValue": [Function],
  "getAllByLabelText": [Function],
  "getAllByPlaceholderText": [Function],
  "getAllByRole": [Function],
  "getAllByTestId": [Function],
  "getAllByText": [Function],
  "getAllByTitle": [Function],
  "getByAltText": [Function],
  "getByDisplayValue": [Function],
  "getByLabelText": [Function],
  "getByPlaceholderText": [Function],
  "getByRole": [Function],
  "getByTestId": [Function],
  "getByText": [Function],
  "getByTitle": [Function],
  "queryAllByAltText": [Function],
  "queryAllByDisplayValue": [Function],
  "queryAllByLabelText": [Function],
  "queryAllByPlaceholderText": [Function],
  "queryAllByRole": [Function],
  "queryAllByTestId": [Function],
  "queryAllByText": [Function],
  "queryAllByTitle": [Function],
  "queryByAltText": [Function],
  "queryByDisplayValue": [Function],
  "queryByLabelText": [Function],
  "queryByPlaceholderText": [Function],
  "queryByRole": [Function],
  "queryByTestId": [Function],
  "queryByText": [Function],
  "queryByTitle": [Function],
  "rerender": [Function],
  "unmount": [Function],
}
`;

exports[`Tests Profile.js component render Testing reserved rockets render 1`] = `
Object {
  "asFragment": [Function],
  "baseElement": <body>
    <div>
      <div
        class="flex justify-center gap-6"
      >
        <div
          class="basis-1/3"
        >
          <h3
            class="text-xl font-bold"
          >
            My Missions
          </h3>
          <ul
            class="flex flex-col mt-3 border-2 divide-y-2 divide-slate-300 rounded-md border-slate-400"
          >
            <li
              class="p-2 flex gap-5 items-center"
              data-testid="reservedMissionItem"
            >
              <p>
                Thaicom 2
              </p>
            </li>
          </ul>
        </div>
        <div
          class="basis-1/3"
        >
          <h3
            class="text-xl font-bold"
          >
            My Rockets
          </h3>
          <ul
            class="flex flex-col mt-3 border-2 divide-y-2 divide-slate-300 rounded-md border-slate-400"
          >
            <li
              class="p-2 flex gap-5 items-center"
              data-testid="reservedRocketItem"
            >
              <img
                alt="rocket"
                class="w-8 h-8 rounded-sm"
              />
              <p />
            </li>
            <li
              class="p-2 flex gap-5 items-center"
              data-testid="reservedRocketItem"
            >
              <img
                alt="rocket"
                class="w-8 h-8 rounded-sm"
              />
              <p />
            </li>
          </ul>
        </div>
      </div>
    </div>
  </body>,
  "container": <div>
    <div
      class="flex justify-center gap-6"
    >
      <div
        class="basis-1/3"
      >
        <h3
          class="text-xl font-bold"
        >
          My Missions
        </h3>
        <ul
          class="flex flex-col mt-3 border-2 divide-y-2 divide-slate-300 rounded-md border-slate-400"
        >
          <li
            class="p-2 flex gap-5 items-center"
            data-testid="reservedMissionItem"
          >
            <p>
              Thaicom 2
            </p>
          </li>
        </ul>
      </div>
      <div
        class="basis-1/3"
      >
        <h3
          class="text-xl font-bold"
        >
          My Rockets
        </h3>
        <ul
          class="flex flex-col mt-3 border-2 divide-y-2 divide-slate-300 rounded-md border-slate-400"
        >
          <li
            class="p-2 flex gap-5 items-center"
            data-testid="reservedRocketItem"
          >
            <img
              alt="rocket"
              class="w-8 h-8 rounded-sm"
            />
            <p />
          </li>
          <li
            class="p-2 flex gap-5 items-center"
            data-testid="reservedRocketItem"
          >
            <img
              alt="rocket"
              class="w-8 h-8 rounded-sm"
            />
            <p />
          </li>
        </ul>
      </div>
    </div>
  </div>,
  "debug": [Function],
  "findAllByAltText": [Function],
  "findAllByDisplayValue": [Function],
  "findAllByLabelText": [Function],
  "findAllByPlaceholderText": [Function],
  "findAllByRole": [Function],
  "findAllByTestId": [Function],
  "findAllByText": [Function],
  "findAllByTitle": [Function],
  "findByAltText": [Function],
  "findByDisplayValue": [Function],
  "findByLabelText": [Function],
  "findByPlaceholderText": [Function],
  "findByRole": [Function],
  "findByTestId": [Function],
  "findByText": [Function],
  "findByTitle": [Function],
  "getAllByAltText": [Function],
  "getAllByDisplayValue": [Function],
  "getAllByLabelText": [Function],
  "getAllByPlaceholderText": [Function],
  "getAllByRole": [Function],
  "getAllByTestId": [Function],
  "getAllByText": [Function],
  "getAllByTitle": [Function],
  "getByAltText": [Function],
  "getByDisplayValue": [Function],
  "getByLabelText": [Function],
  "getByPlaceholderText": [Function],
  "getByRole": [Function],
  "getByTestId": [Function],
  "getByText": [Function],
  "getByTitle": [Function],
  "queryAllByAltText": [Function],
  "queryAllByDisplayValue": [Function],
  "queryAllByLabelText": [Function],
  "queryAllByPlaceholderText": [Function],
  "queryAllByRole": [Function],
  "queryAllByTestId": [Function],
  "queryAllByText": [Function],
  "queryAllByTitle": [Function],
  "queryByAltText": [Function],
  "queryByDisplayValue": [Function],
  "queryByLabelText": [Function],
  "queryByPlaceholderText": [Function],
  "queryByRole": [Function],
  "queryByTestId": [Function],
  "queryByText": [Function],
  "queryByTitle": [Function],
  "rerender": [Function],
  "unmount": [Function],
}
`;
